SLURM_JOB_ID=6013249
SLURM_NNODES=4
SLURM_NODEID=0
HOSTNAME=c0101
MASTER_ADDR=c0101
CUDA_VISIBLE_DEVICES=0,1
GPU 0: NVIDIA L40S (UUID: GPU-79a46f22-47d8-73f2-509d-0fdf4377dfa0)
GPU 1: NVIDIA L40S (UUID: GPU-ed74b5d8-7520-5f02-8e01-7c8c7cadee4d)
export SLURM_SCRATCH=/localscratch/gbk2114/6013249
/etc/slurm/prolog.d/gpustats_helper.sh: line 5: /run/gpustat/0: Permission denied
/etc/slurm/prolog.d/gpustats_helper.sh: line 8: /run/gpustat/GPU-79a46f22-47d8-73f2-509d-0fdf4377dfa0: Permission denied
/etc/slurm/prolog.d/gpustats_helper.sh: line 5: /run/gpustat/1: Permission denied
/etc/slurm/prolog.d/gpustats_helper.sh: line 8: /run/gpustat/GPU-ed74b5d8-7520-5f02-8e01-7c8c7cadee4d: Permission denied
/etc/slurm/prolog.d/gpustats_helper.sh: line 5: /run/gpustat/0: Permission denied
/etc/slurm/prolog.d/gpustats_helper.sh: line 8: /run/gpustat/GPU-79a46f22-47d8-73f2-509d-0fdf4377dfa0: Permission denied
/etc/slurm/prolog.d/gpustats_helper.sh: line 5: /run/gpustat/1: Permission denied
/etc/slurm/prolog.d/gpustats_helper.sh: line 8: /run/gpustat/GPU-ed74b5d8-7520-5f02-8e01-7c8c7cadee4d: Permission denied
2026-03-14 19:35:23.234 | INFO     | ethos.train.run_training:main:76 - Tokens per iteration per worker: 131,072
2026-03-14 19:35:25.115 | INFO     | ethos.train.run_training:main:113 - Train dataset size: 597,559,588, Val dataset size: 18,924,722 (eval_iters=200)
2026-03-14 19:35:25.427 | INFO     | ethos.train.run_training:main:172 - Model parameters: 45.97M
2026-03-14 19:35:26.400 | INFO     | ethos.train.run_training:main:172 - Model parameters: 45.97M
2026-03-14 19:35:26.458 | INFO     | ethos.train.run_training:main:172 - Model parameters: 45.97M
2026-03-14 19:35:26.485 | INFO     | ethos.train.run_training:main:172 - Model parameters: 45.97M
2026-03-14 19:35:26.485 | INFO     | ethos.train.run_training:main:172 - Model parameters: 45.97M
2026-03-14 19:35:26.857 | INFO     | ethos.train.run_training:main:172 - Model parameters: 45.97M
2026-03-14 19:35:26.915 | INFO     | ethos.train.run_training:main:171 - Initializing a new model from scratch: GPT2Config {
  "activation_function": "gelu",
  "attn_pdrop": 0.3,
  "bias": false,
  "bos_token_id": 50256,
  "embd_pdrop": 0.3,
  "eos_token_id": 50256,
  "initializer_range": 0.02,
  "layer_norm_epsilon": 1e-05,
  "model_type": "gpt2",
  "n_embd": 768,
  "n_head": 12,
  "n_inner": null,
  "n_layer": 6,
  "n_positions": 2048,
  "reorder_and_upcast_attn": false,
  "resid_pdrop": 0.3,
  "scale_attn_by_inverse_layer_idx": false,
  "scale_attn_weights": true,
  "summary_activation": null,
  "summary_first_dropout": 0.1,
  "summary_proj_to_labels": true,
  "summary_type": "cls_index",
  "summary_use_proj": true,
  "transformers_version": "4.52.4",
  "use_cache": true,
  "vocab_size": 4544
}

2026-03-14 19:35:26.915 | INFO     | ethos.train.run_training:main:172 - Model parameters: 45.97M
2026-03-14 19:35:26.929 | INFO     | ethos.train.run_training:main:186 - Number of parameters: 45.97M
2026-03-14 19:35:26.929 | INFO     | ethos.train.run_training:main:187 - Compiling the model...
2026-03-14 19:35:27.023 | INFO     | ethos.train.run_training:main:172 - Model parameters: 45.97M
c0102:38711:38711 [0] NCCL INFO cudaDriverVersion 13000
c0102:38711:38711 [0] NCCL INFO NCCL_SOCKET_IFNAME set by environment to ^lo,docker
c0102:38711:38711 [0] NCCL INFO Bootstrap: Using boot0:10.116.2.12<0>
c0102:38711:38711 [0] NCCL INFO NCCL version 2.26.2+cuda12.2
c0102:38711:38711 [0] NCCL INFO Comm config Blocking set to 1
c0102:38711:38742 [0] NCCL INFO NET/Plugin: Could not find: libnccl-net.so. Using internal net plugin.
c0102:38711:38742 [0] NCCL INFO NCCL_IB_DISABLE set by environment to 1.
c0102:38711:38742 [0] NCCL INFO NCCL_SOCKET_IFNAME set by environment to ^lo,docker
c0102:38711:38742 [0] NCCL INFO NET/Socket : Using [0]boot0:10.116.2.12<0> [1]ib0:192.168.12.102<0>
c0102:38711:38742 [0] NCCL INFO PROFILER/Plugin: Could not find: libnccl-profiler.so. 
c0102:38711:38742 [0] NCCL INFO Using network Socket
c0102:38711:38742 [0] NCCL INFO ncclCommInitRankConfig comm 0xbf2e680 rank 2 nranks 8 cudaDev 0 nvmlDev 0 busId 21000 commId 0xf2b3f9a9794a171 - Init START
c0102:38711:38742 [0] NCCL INFO RAS client listening socket at ::1<28028>
c0102:38711:38742 [0] NCCL INFO Bootstrap timings total 0.066573 (create 0.000033, send 0.000176, recv 0.015036, ring 0.050885, delay 0.000000)
c0102:38711:38742 [0] NCCL INFO comm 0xbf2e680 rank 2 nRanks 8 nNodes 4 localRanks 2 localRank 0 MNNVL 0
c0102:38711:38742 [0] NCCL INFO Trees [0] 3/-1/-1->2->5 [1] 3/0/-1->2->6
c0102:38711:38742 [0] NCCL INFO P2P Chunksize set to 131072
c0102:38711:38749 [0] NCCL INFO [Proxy Service] Device 0 CPU core 98
c0102:38711:38751 [0] NCCL INFO [Proxy Service UDS] Device 0 CPU core 98
c0102:38711:38742 [0] NCCL INFO threadThresholds 8/8/64 | 64/8/64 | 512 | 512
c0102:38711:38742 [0] NCCL INFO 2 coll channels, 2 collnet channels, 0 nvls channels, 2 p2p channels, 1 p2p channels per peer
c0102:38711:38742 [0] NCCL INFO TUNER/Plugin: Could not find: libnccl-tuner.so. Using internal tuner plugin.
c0102:38711:38742 [0] NCCL INFO ncclCommInitRankConfig comm 0xbf2e680 rank 2 nranks 8 cudaDev 0 nvmlDev 0 busId 21000 commId 0xf2b3f9a9794a171 - Init COMPLETE
c0102:38711:38742 [0] NCCL INFO Init timings - ncclCommInitRankConfig: rank 2 nranks 8 total 0.20 (kernels 0.07, alloc 0.01, bootstrap 0.07, allgathers 0.01, topo 0.03, graphs 0.00, connections 0.00, rest 0.00)
c0102:38711:38766 [0] NCCL INFO Channel 00/0 : 2[0] -> 3[1] via P2P/CUMEM
c0102:38711:38766 [0] NCCL INFO Channel 01/0 : 2[0] -> 3[1] via P2P/CUMEM
c0102:38711:38769 [0] NCCL INFO [Proxy Progress] Device 0 CPU core 0
c0102:38711:38766 [0] NCCL INFO Channel 01/0 : 0[0] -> 2[0] [receive] via NET/Socket/1
c0102:38711:38766 [0] NCCL INFO Channel 00/0 : 2[0] -> 5[1] [send] via NET/Socket/1
c0102:38711:38766 [0] NCCL INFO Channel 01/0 : 6[0] -> 2[0] [receive] via NET/Socket/1
c0102:38711:38766 [0] NCCL INFO Channel 01/0 : 2[0] -> 6[0] [send] via NET/Socket/1
c0102:38711:38766 [0] NCCL INFO Channel 00/0 : 5[1] -> 2[0] [receive] via NET/Socket/1
c0102:38711:38766 [0] NCCL INFO Channel 01/0 : 2[0] -> 0[0] [send] via NET/Socket/1
c0102:38711:38766 [0] NCCL INFO Connected all trees
[rank2]:[E314 19:45:25.972815742 ProcessGroupNCCL.cpp:632] [Rank 2] Watchdog caught collective operation timeout: WorkNCCL(SeqNum=1, OpType=ALLREDUCE, NumelIn=1, NumelOut=1, Timeout(ms)=600000) ran for 600089 milliseconds before timing out.
[rank2]:[E314 19:45:25.973391146 ProcessGroupNCCL.cpp:2271] [PG ID 0 PG GUID 0(default_pg) Rank 2]  failure detected by watchdog at work sequence id: 1 PG status: last enqueued work: 1, last completed work: -1
[rank2]:[E314 19:45:25.973422417 ProcessGroupNCCL.cpp:670] Stack trace of the failed collective not found, potentially because FlightRecorder is disabled. You can enable it by setting TORCH_NCCL_TRACE_BUFFER_SIZE to a non-zero value.
[rank2]:[E314 19:45:25.973465527 ProcessGroupNCCL.cpp:2106] [PG ID 0 PG GUID 0(default_pg) Rank 2] First PG on this rank to signal dumping.
c0101:3684:3684 [0] NCCL INFO NCCL_SOCKET_IFNAME set by environment to ^lo,docker
c0101:3684:3684 [0] NCCL INFO Bootstrap: Using boot0:10.116.2.11<0>
c0101:3684:3684 [0] NCCL INFO cudaDriverVersion 13000
c0101:3684:3684 [0] NCCL INFO NCCL version 2.26.2+cuda12.2
c0101:3684:3684 [0] NCCL INFO Comm config Blocking set to 1
c0101:3684:3716 [0] NCCL INFO NET/Plugin: Could not find: libnccl-net.so. Using internal net plugin.
c0101:3684:3716 [0] NCCL INFO NCCL_IB_DISABLE set by environment to 1.
c0101:3684:3716 [0] NCCL INFO NCCL_SOCKET_IFNAME set by environment to ^lo,docker
c0101:3684:3716 [0] NCCL INFO NET/Socket : Using [0]boot0:10.116.2.11<0> [1]ib0:192.168.12.101<0>
c0101:3684:3716 [0] NCCL INFO PROFILER/Plugin: Could not find: libnccl-profiler.so. 
c0101:3684:3716 [0] NCCL INFO Using network Socket
c0101:3684:3716 [0] NCCL INFO ncclCommInitRankConfig comm 0xbeaab70 rank 0 nranks 8 cudaDev 0 nvmlDev 0 busId 21000 commId 0xf2b3f9a9794a171 - Init START
c0101:3684:3716 [0] NCCL INFO RAS client listening socket at ::1<28028>
c0101:3684:3716 [0] NCCL INFO Bootstrap timings total 0.295959 (create 0.000041, send 0.008902, recv 0.007309, ring 0.201312, delay 0.000000)
c0101:3684:3716 [0] NCCL INFO comm 0xbeaab70 rank 0 nRanks 8 nNodes 4 localRanks 2 localRank 0 MNNVL 0
c0101:3684:3716 [0] NCCL INFO Channel 00/02 : 0 1 2 3 4 5 6 7
c0101:3684:3716 [0] NCCL INFO Channel 01/02 : 0 1 2 3 4 5 6 7
c0101:3684:3716 [0] NCCL INFO Trees [0] 1/4/-1->0->-1 [1] 1/-1/-1->0->2
c0101:3684:3716 [0] NCCL INFO P2P Chunksize set to 131072
c0101:3684:3716 [0] NCCL INFO Check P2P Type intraNodeP2pSupport 1 directMode 0
c0101:3684:3725 [0] NCCL INFO [Proxy Service UDS] Device 0 CPU core 98
c0101:3684:3723 [0] NCCL INFO [Proxy Service] Device 0 CPU core 98
c0101:3684:3716 [0] NCCL INFO threadThresholds 8/8/64 | 64/8/64 | 512 | 512
c0101:3684:3716 [0] NCCL INFO 2 coll channels, 2 collnet channels, 0 nvls channels, 2 p2p channels, 1 p2p channels per peer
c0101:3684:3716 [0] NCCL INFO CC Off, workFifoBytes 1048576
c0101:3684:3716 [0] NCCL INFO TUNER/Plugin: Could not find: libnccl-tuner.so. Using internal tuner plugin.
c0101:3684:3716 [0] NCCL INFO ncclCommInitRankConfig comm 0xbeaab70 rank 0 nranks 8 cudaDev 0 nvmlDev 0 busId 21000 commId 0xf2b3f9a9794a171 - Init COMPLETE
c0101:3684:3716 [0] NCCL INFO Init timings - ncclCommInitRankConfig: rank 0 nranks 8 total 0.42 (kernels 0.08, alloc 0.01, bootstrap 0.30, allgathers 0.03, topo 0.01, graphs 0.00, connections 0.00, rest 0.00)
c0101:3684:3741 [0] NCCL INFO Channel 00/0 : 0[0] -> 1[1] via P2P/CUMEM
c0101:3684:3741 [0] NCCL INFO Channel 01/0 : 0[0] -> 1[1] via P2P/CUMEM
c0101:3684:3742 [0] NCCL INFO [Proxy Progress] Device 0 CPU core 98
c0101:3684:3741 [0] NCCL INFO Channel 01/0 : 0[0] -> 2[0] [send] via NET/Socket/1
c0101:3684:3741 [0] NCCL INFO Channel 00/0 : 4[0] -> 0[0] [receive] via NET/Socket/1
c0101:3684:3741 [0] NCCL INFO Channel 00/0 : 0[0] -> 4[0] [send] via NET/Socket/1
c0101:3684:3741 [0] NCCL INFO Channel 01/0 : 2[0] -> 0[0] [receive] via NET/Socket/1
c0101:3684:3741 [0] NCCL INFO Connected all trees
[rank0]:[E314 19:45:25.248218709 ProcessGroupNCCL.cpp:1685] [PG ID 0 PG GUID 0(default_pg) Rank 0] Observed flight recorder dump signal from another rank via TCPStore.
[rank0]:[E314 19:45:25.248447621 ProcessGroupNCCL.cpp:1746] [PG ID 0 PG GUID 0(default_pg) Rank 0] Received a dump signal due to a collective timeout from  rank 2 and we will try our best to dump the debug info. Last enqueued NCCL work: 1, last completed NCCL work: -1.This is most likely caused by incorrect usages of collectives, e.g., wrong sizes used across ranks, the order of collectives is not same for all ranks or the scheduled collective, for some reason, didn't run. Additionally, this can be caused by GIL deadlock or other reasons such as network errors or bugs in the communications library (e.g. NCCL), etc. 
[rank0]:[E314 19:45:25.263111704 ProcessGroupNCCL.cpp:1536] [PG ID 0 PG GUID 0(default_pg) Rank 0] ProcessGroupNCCL preparing to dump debug info. Include stack trace: 1
c0104:2104090:2104090 [0] NCCL INFO cudaDriverVersion 13000
c0104:2104090:2104090 [0] NCCL INFO NCCL_SOCKET_IFNAME set by environment to ^lo,docker
c0104:2104090:2104090 [0] NCCL INFO Bootstrap: Using boot0:10.116.2.14<0>
c0104:2104090:2104090 [0] NCCL INFO NCCL version 2.26.2+cuda12.2
c0104:2104090:2104090 [0] NCCL INFO Comm config Blocking set to 1
c0104:2104090:2104120 [0] NCCL INFO NET/Plugin: Could not find: libnccl-net.so. Using internal net plugin.
c0104:2104090:2104120 [0] NCCL INFO NCCL_IB_DISABLE set by environment to 1.
c0104:2104090:2104120 [0] NCCL INFO NCCL_SOCKET_IFNAME set by environment to ^lo,docker
c0104:2104090:2104120 [0] NCCL INFO NET/Socket : Using [0]boot0:10.116.2.14<0> [1]ib0:192.168.12.104<0>
c0104:2104090:2104120 [0] NCCL INFO PROFILER/Plugin: Could not find: libnccl-profiler.so. 
c0104:2104090:2104120 [0] NCCL INFO Using network Socket
c0104:2104090:2104120 [0] NCCL INFO ncclCommInitRankConfig comm 0xc9afa10 rank 6 nranks 8 cudaDev 0 nvmlDev 0 busId 21000 commId 0xf2b3f9a9794a171 - Init START
c0104:2104090:2104120 [0] NCCL INFO RAS client listening socket at ::1<28028>
c0104:2104090:2104120 [0] NCCL INFO Bootstrap timings total 0.221023 (create 0.000046, send 0.000196, recv 0.018849, ring 0.005261, delay 0.000000)
c0104:2104090:2104120 [0] NCCL INFO comm 0xc9afa10 rank 6 nRanks 8 nNodes 4 localRanks 2 localRank 0 MNNVL 0
c0104:2104090:2104120 [0] NCCL INFO Trees [0] 7/-1/-1->6->4 [1] 7/2/-1->6->-1
c0104:2104090:2104120 [0] NCCL INFO P2P Chunksize set to 131072
c0104:2104090:2104129 [0] NCCL INFO [Proxy Service UDS] Device 0 CPU core 0
c0104:2104090:2104126 [0] NCCL INFO [Proxy Service] Device 0 CPU core 97
c0104:2104090:2104120 [0] NCCL INFO threadThresholds 8/8/64 | 64/8/64 | 512 | 512
c0104:2104090:2104120 [0] NCCL INFO 2 coll channels, 2 collnet channels, 0 nvls channels, 2 p2p channels, 1 p2p channels per peer
c0104:2104090:2104120 [0] NCCL INFO TUNER/Plugin: Could not find: libnccl-tuner.so. Using internal tuner plugin.
c0104:2104090:2104120 [0] NCCL INFO ncclCommInitRankConfig comm 0xc9afa10 rank 6 nranks 8 cudaDev 0 nvmlDev 0 busId 21000 commId 0xf2b3f9a9794a171 - Init COMPLETE
c0104:2104090:2104120 [0] NCCL INFO Init timings - ncclCommInitRankConfig: rank 6 nranks 8 total 0.35 (kernels 0.08, alloc 0.01, bootstrap 0.22, allgathers 0.02, topo 0.02, graphs 0.00, connections 0.00, rest 0.00)
c0104:2104090:2104145 [0] NCCL INFO Channel 00/0 : 6[0] -> 7[1] via P2P/CUMEM
c0104:2104090:2104145 [0] NCCL INFO Channel 01/0 : 6[0] -> 7[1] via P2P/CUMEM
c0104:2104090:2104146 [0] NCCL INFO [Proxy Progress] Device 0 CPU core 97
c0104:2104090:2104145 [0] NCCL INFO Channel 00/0 : 4[0] -> 6[0] [receive] via NET/Socket/1
c0104:2104090:2104145 [0] NCCL INFO Channel 01/0 : 2[0] -> 6[0] [receive] via NET/Socket/1
c0104:2104090:2104145 [0] NCCL INFO Channel 01/0 : 6[0] -> 2[0] [send] via NET/Socket/1
c0104:2104090:2104145 [0] NCCL INFO Channel 00/0 : 6[0] -> 4[0] [send] via NET/Socket/1
c0104:2104090:2104145 [0] NCCL INFO Connected all trees
[rank6]:[E314 19:45:25.265174616 ProcessGroupNCCL.cpp:1685] [PG ID 0 PG GUID 0(default_pg) Rank 6] Observed flight recorder dump signal from another rank via TCPStore.
[rank6]:[E314 19:45:25.265581040 ProcessGroupNCCL.cpp:1746] [PG ID 0 PG GUID 0(default_pg) Rank 6] Received a dump signal due to a collective timeout from  rank 2 and we will try our best to dump the debug info. Last enqueued NCCL work: 1, last completed NCCL work: -1.This is most likely caused by incorrect usages of collectives, e.g., wrong sizes used across ranks, the order of collectives is not same for all ranks or the scheduled collective, for some reason, didn't run. Additionally, this can be caused by GIL deadlock or other reasons such as network errors or bugs in the communications library (e.g. NCCL), etc. 
[rank6]:[E314 19:45:25.274137110 ProcessGroupNCCL.cpp:1536] [PG ID 0 PG GUID 0(default_pg) Rank 6] ProcessGroupNCCL preparing to dump debug info. Include stack trace: 1
c0101:3685:3685 [1] NCCL INFO cudaDriverVersion 13000
c0101:3685:3685 [1] NCCL INFO NCCL_SOCKET_IFNAME set by environment to ^lo,docker
c0101:3685:3685 [1] NCCL INFO Bootstrap: Using boot0:10.116.2.11<0>
c0101:3685:3685 [1] NCCL INFO NCCL version 2.26.2+cuda12.2
c0101:3685:3685 [1] NCCL INFO Comm config Blocking set to 1
c0101:3685:3719 [1] NCCL INFO NET/Plugin: Could not find: libnccl-net.so. Using internal net plugin.
c0101:3685:3719 [1] NCCL INFO NCCL_IB_DISABLE set by environment to 1.
c0101:3685:3719 [1] NCCL INFO NCCL_SOCKET_IFNAME set by environment to ^lo,docker
c0101:3685:3719 [1] NCCL INFO NET/Socket : Using [0]boot0:10.116.2.11<0> [1]ib0:192.168.12.101<0>
c0101:3685:3719 [1] NCCL INFO PROFILER/Plugin: Could not find: libnccl-profiler.so. 
c0101:3685:3719 [1] NCCL INFO Using network Socket
c0101:3685:3719 [1] NCCL INFO ncclCommInitRankConfig comm 0xd859630 rank 1 nranks 8 cudaDev 1 nvmlDev 1 busId e1000 commId 0xf2b3f9a9794a171 - Init START
c0101:3685:3719 [1] NCCL INFO RAS client listening socket at ::1<28028>
c0101:3685:3719 [1] NCCL INFO Bootstrap timings total 0.282157 (create 0.000028, send 0.002413, recv 0.213636, ring 0.065392, delay 0.000000)
c0101:3685:3719 [1] NCCL INFO comm 0xd859630 rank 1 nRanks 8 nNodes 4 localRanks 2 localRank 1 MNNVL 0
c0101:3685:3719 [1] NCCL INFO Trees [0] -1/-1/-1->1->0 [1] -1/-1/-1->1->0
c0101:3685:3719 [1] NCCL INFO P2P Chunksize set to 131072
c0101:3685:3722 [1] NCCL INFO [Proxy Service] Device 1 CPU core 98
c0101:3685:3724 [1] NCCL INFO [Proxy Service UDS] Device 1 CPU core 97
c0101:3685:3719 [1] NCCL INFO threadThresholds 8/8/64 | 64/8/64 | 512 | 512
c0101:3685:3719 [1] NCCL INFO 2 coll channels, 2 collnet channels, 0 nvls channels, 2 p2p channels, 1 p2p channels per peer
c0101:3685:3719 [1] NCCL INFO TUNER/Plugin: Could not find: libnccl-tuner.so. Using internal tuner plugin.
c0101:3685:3719 [1] NCCL INFO ncclCommInitRankConfig comm 0xd859630 rank 1 nranks 8 cudaDev 1 nvmlDev 1 busId e1000 commId 0xf2b3f9a9794a171 - Init COMPLETE
c0101:3685:3719 [1] NCCL INFO Init timings - ncclCommInitRankConfig: rank 1 nranks 8 total 0.41 (kernels 0.08, alloc 0.01, bootstrap 0.28, allgathers 0.03, topo 0.01, graphs 0.00, connections 0.00, rest 0.00)
c0101:3685:3740 [1] NCCL INFO Channel 00/0 : 1[1] -> 0[0] via P2P/CUMEM
c0101:3685:3740 [1] NCCL INFO Channel 01/0 : 1[1] -> 0[0] via P2P/CUMEM
c0101:3685:3740 [1] NCCL INFO Connected all trees
[rank1]:[E314 19:45:25.388837534 ProcessGroupNCCL.cpp:1685] [PG ID 0 PG GUID 0(default_pg) Rank 1] Observed flight recorder dump signal from another rank via TCPStore.
[rank1]:[E314 19:45:25.389206927 ProcessGroupNCCL.cpp:1746] [PG ID 0 PG GUID 0(default_pg) Rank 1] Received a dump signal due to a collective timeout from  rank 2 and we will try our best to dump the debug info. Last enqueued NCCL work: 1, last completed NCCL work: -1.This is most likely caused by incorrect usages of collectives, e.g., wrong sizes used across ranks, the order of collectives is not same for all ranks or the scheduled collective, for some reason, didn't run. Additionally, this can be caused by GIL deadlock or other reasons such as network errors or bugs in the communications library (e.g. NCCL), etc. 
[rank1]:[E314 19:45:25.389731820 ProcessGroupNCCL.cpp:1536] [PG ID 0 PG GUID 0(default_pg) Rank 1] ProcessGroupNCCL preparing to dump debug info. Include stack trace: 1
[rank2]:[E314 19:45:26.459771924 ProcessGroupNCCL.cpp:1746] [PG ID 0 PG GUID 0(default_pg) Rank 2] Received a dump signal due to a collective timeout from this local rank and we will try our best to dump the debug info. Last enqueued NCCL work: 1, last completed NCCL work: -1.This is most likely caused by incorrect usages of collectives, e.g., wrong sizes used across ranks, the order of collectives is not same for all ranks or the scheduled collective, for some reason, didn't run. Additionally, this can be caused by GIL deadlock or other reasons such as network errors or bugs in the communications library (e.g. NCCL), etc. 
c0104:2104091:2104091 [1] NCCL INFO cudaDriverVersion 13000
c0104:2104091:2104091 [1] NCCL INFO NCCL_SOCKET_IFNAME set by environment to ^lo,docker
c0104:2104091:2104091 [1] NCCL INFO Bootstrap: Using boot0:10.116.2.14<0>
c0104:2104091:2104091 [1] NCCL INFO NCCL version 2.26.2+cuda12.2
c0104:2104091:2104091 [1] NCCL INFO Comm config Blocking set to 1
c0104:2104091:2104123 [1] NCCL INFO NET/Plugin: Could not find: libnccl-net.so. Using internal net plugin.
c0104:2104091:2104123 [1] NCCL INFO NCCL_IB_DISABLE set by environment to 1.
c0104:2104091:2104123 [1] NCCL INFO NCCL_SOCKET_IFNAME set by environment to ^lo,docker
c0104:2104091:2104123 [1] NCCL INFO NET/Socket : Using [0]boot0:10.116.2.14<0> [1]ib0:192.168.12.104<0>
c0104:2104091:2104123 [1] NCCL INFO PROFILER/Plugin: Could not find: libnccl-profiler.so. 
c0104:2104091:2104123 [1] NCCL INFO Using network Socket
c0104:2104091:2104123 [1] NCCL INFO ncclCommInitRankConfig comm 0xce41fa0 rank 7 nranks 8 cudaDev 1 nvmlDev 1 busId e1000 commId 0xf2b3f9a9794a171 - Init START
c0104:2104091:2104123 [1] NCCL INFO RAS client listening socket at ::1<28028>
c0104:2104091:2104123 [1] NCCL INFO Bootstrap timings total 0.202251 (create 0.000035, send 0.000109, recv 0.000257, ring 0.201346, delay 0.000000)
c0104:2104091:2104123 [1] NCCL INFO comm 0xce41fa0 rank 7 nRanks 8 nNodes 4 localRanks 2 localRank 1 MNNVL 0
c0104:2104091:2104123 [1] NCCL INFO Trees [0] -1/-1/-1->7->6 [1] -1/-1/-1->7->6
c0104:2104091:2104123 [1] NCCL INFO P2P Chunksize set to 131072
c0104:2104091:2104127 [1] NCCL INFO [Proxy Service] Device 1 CPU core 0
c0104:2104091:2104128 [1] NCCL INFO [Proxy Service UDS] Device 1 CPU core 97
c0104:2104091:2104123 [1] NCCL INFO threadThresholds 8/8/64 | 64/8/64 | 512 | 512
c0104:2104091:2104123 [1] NCCL INFO 2 coll channels, 2 collnet channels, 0 nvls channels, 2 p2p channels, 1 p2p channels per peer
c0104:2104091:2104123 [1] NCCL INFO TUNER/Plugin: Could not find: libnccl-tuner.so. Using internal tuner plugin.
c0104:2104091:2104123 [1] NCCL INFO ncclCommInitRankConfig comm 0xce41fa0 rank 7 nranks 8 cudaDev 1 nvmlDev 1 busId e1000 commId 0xf2b3f9a9794a171 - Init COMPLETE
c0104:2104091:2104123 [1] NCCL INFO Init timings - ncclCommInitRankConfig: rank 7 nranks 8 total 0.34 (kernels 0.09, alloc 0.01, bootstrap 0.20, allgathers 0.02, topo 0.02, graphs 0.00, connections 0.00, rest 0.00)
c0104:2104091:2104144 [1] NCCL INFO Channel 00/0 : 7[1] -> 6[0] via P2P/CUMEM
c0104:2104091:2104144 [1] NCCL INFO Channel 01/0 : 7[1] -> 6[0] via P2P/CUMEM
c0104:2104091:2104144 [1] NCCL INFO Connected all trees
[rank7]:[E314 19:45:26.407935125 ProcessGroupNCCL.cpp:1685] [PG ID 0 PG GUID 0(default_pg) Rank 7] Observed flight recorder dump signal from another rank via TCPStore.
[rank7]:[E314 19:45:26.408258598 ProcessGroupNCCL.cpp:1746] [PG ID 0 PG GUID 0(default_pg) Rank 7] Received a dump signal due to a collective timeout from  rank 2 and we will try our best to dump the debug info. Last enqueued NCCL work: 1, last completed NCCL work: -1.This is most likely caused by incorrect usages of collectives, e.g., wrong sizes used across ranks, the order of collectives is not same for all ranks or the scheduled collective, for some reason, didn't run. Additionally, this can be caused by GIL deadlock or other reasons such as network errors or bugs in the communications library (e.g. NCCL), etc. 
[rank2]:[E314 19:45:26.460211067 ProcessGroupNCCL.cpp:1536] [PG ID 0 PG GUID 0(default_pg) Rank 2] ProcessGroupNCCL preparing to dump debug info. Include stack trace: 1
[rank7]:[E314 19:45:26.423114614 ProcessGroupNCCL.cpp:1536] [PG ID 0 PG GUID 0(default_pg) Rank 7] ProcessGroupNCCL preparing to dump debug info. Include stack trace: 1
c0103:290959:290959 [0] NCCL INFO cudaDriverVersion 13020
c0103:290959:290959 [0] NCCL INFO NCCL_SOCKET_IFNAME set by environment to ^lo,docker
c0103:290959:290959 [0] NCCL INFO Bootstrap: Using boot0:10.116.2.13<0>
c0103:290959:290959 [0] NCCL INFO NCCL version 2.26.2+cuda12.2
c0103:290959:290959 [0] NCCL INFO Comm config Blocking set to 1
c0103:290959:290994 [0] NCCL INFO NET/Plugin: Could not find: libnccl-net.so. Using internal net plugin.
c0103:290959:290994 [0] NCCL INFO NCCL_IB_DISABLE set by environment to 1.
c0103:290959:290994 [0] NCCL INFO NCCL_SOCKET_IFNAME set by environment to ^lo,docker
c0103:290959:290994 [0] NCCL INFO NET/Socket : Using [0]boot0:10.116.2.13<0> [1]ib0:192.168.12.103<0>
c0103:290959:290994 [0] NCCL INFO PROFILER/Plugin: Could not find: libnccl-profiler.so. 
c0103:290959:290994 [0] NCCL INFO Using network Socket
c0103:290959:290994 [0] NCCL INFO ncclCommInitRankConfig comm 0xd40c260 rank 4 nranks 8 cudaDev 0 nvmlDev 0 busId 21000 commId 0xf2b3f9a9794a171 - Init START
c0103:290959:290994 [0] NCCL INFO RAS client listening socket at ::1<28028>
c0103:290959:290994 [0] NCCL INFO Bootstrap timings total 0.011095 (create 0.000037, send 0.000123, recv 0.000230, ring 0.000290, delay 0.000000)
c0103:290959:290994 [0] NCCL INFO comm 0xd40c260 rank 4 nRanks 8 nNodes 4 localRanks 2 localRank 0 MNNVL 0
c0103:290959:290994 [0] NCCL INFO Trees [0] 5/6/-1->4->0 [1] 5/-1/-1->4->3
c0103:290959:290994 [0] NCCL INFO P2P Chunksize set to 131072
c0103:290959:291000 [0] NCCL INFO [Proxy Service UDS] Device 0 CPU core 0
c0103:290959:290998 [0] NCCL INFO [Proxy Service] Device 0 CPU core 0
c0103:290959:290994 [0] NCCL INFO threadThresholds 8/8/64 | 64/8/64 | 512 | 512
c0103:290959:290994 [0] NCCL INFO 2 coll channels, 2 collnet channels, 0 nvls channels, 2 p2p channels, 1 p2p channels per peer
c0103:290959:290994 [0] NCCL INFO TUNER/Plugin: Could not find: libnccl-tuner.so. Using internal tuner plugin.
c0103:290959:290994 [0] NCCL INFO ncclCommInitRankConfig comm 0xd40c260 rank 4 nranks 8 cudaDev 0 nvmlDev 0 busId 21000 commId 0xf2b3f9a9794a171 - Init COMPLETE
c0103:290959:290994 [0] NCCL INFO Init timings - ncclCommInitRankConfig: rank 4 nranks 8 total 0.14 (kernels 0.08, alloc 0.00, bootstrap 0.01, allgathers 0.02, topo 0.01, graphs 0.00, connections 0.00, rest 0.01)
c0103:290959:291014 [0] NCCL INFO Channel 01/0 : 3[1] -> 4[0] [receive] via NET/Socket/1
c0103:290959:291014 [0] NCCL INFO Channel 00/0 : 4[0] -> 5[1] via P2P/CUMEM
c0103:290959:291014 [0] NCCL INFO Channel 01/0 : 4[0] -> 5[1] via P2P/CUMEM
c0103:290959:291015 [0] NCCL INFO [Proxy Progress] Device 0 CPU core 0
c0103:290959:291014 [0] NCCL INFO Channel 00/0 : 4[0] -> 6[0] [send] via NET/Socket/1
c0103:290959:291014 [0] NCCL INFO Channel 00/0 : 0[0] -> 4[0] [receive] via NET/Socket/1
c0103:290959:291014 [0] NCCL INFO Channel 00/0 : 4[0] -> 0[0] [send] via NET/Socket/1
c0103:290959:291014 [0] NCCL INFO Channel 00/0 : 6[0] -> 4[0] [receive] via NET/Socket/1
c0103:290959:291014 [0] NCCL INFO Channel 01/0 : 4[0] -> 3[1] [send] via NET/Socket/1
c0103:290959:291014 [0] NCCL INFO Connected all trees
[rank4]:[E314 19:45:26.462203747 ProcessGroupNCCL.cpp:1685] [PG ID 0 PG GUID 0(default_pg) Rank 4] Observed flight recorder dump signal from another rank via TCPStore.
[rank4]:[E314 19:45:26.462529170 ProcessGroupNCCL.cpp:1746] [PG ID 0 PG GUID 0(default_pg) Rank 4] Received a dump signal due to a collective timeout from  rank 2 and we will try our best to dump the debug info. Last enqueued NCCL work: 1, last completed NCCL work: -1.This is most likely caused by incorrect usages of collectives, e.g., wrong sizes used across ranks, the order of collectives is not same for all ranks or the scheduled collective, for some reason, didn't run. Additionally, this can be caused by GIL deadlock or other reasons such as network errors or bugs in the communications library (e.g. NCCL), etc. 
[rank4]:[E314 19:45:26.464691887 ProcessGroupNCCL.cpp:1536] [PG ID 0 PG GUID 0(default_pg) Rank 4] ProcessGroupNCCL preparing to dump debug info. Include stack trace: 1
c0103:290960:290960 [1] NCCL INFO cudaDriverVersion 13020
c0103:290960:290960 [1] NCCL INFO NCCL_SOCKET_IFNAME set by environment to ^lo,docker
c0103:290960:290960 [1] NCCL INFO Bootstrap: Using boot0:10.116.2.13<0>
c0103:290960:290960 [1] NCCL INFO NCCL version 2.26.2+cuda12.2
c0103:290960:290960 [1] NCCL INFO Comm config Blocking set to 1
c0103:290960:290993 [1] NCCL INFO NET/Plugin: Could not find: libnccl-net.so. Using internal net plugin.
c0103:290960:290993 [1] NCCL INFO NCCL_IB_DISABLE set by environment to 1.
c0103:290960:290993 [1] NCCL INFO NCCL_SOCKET_IFNAME set by environment to ^lo,docker
c0103:290960:290993 [1] NCCL INFO NET/Socket : Using [0]boot0:10.116.2.13<0> [1]ib0:192.168.12.103<0>
c0103:290960:290993 [1] NCCL INFO PROFILER/Plugin: Could not find: libnccl-profiler.so. 
c0103:290960:290993 [1] NCCL INFO Using network Socket
c0103:290960:290993 [1] NCCL INFO ncclCommInitRankConfig comm 0xd7715c0 rank 5 nranks 8 cudaDev 1 nvmlDev 1 busId e1000 commId 0xf2b3f9a9794a171 - Init START
c0103:290960:290993 [1] NCCL INFO RAS client listening socket at ::1<28028>
c0103:290960:290993 [1] NCCL INFO Bootstrap timings total 0.012330 (create 0.000028, send 0.000117, recv 0.000173, ring 0.000286, delay 0.000000)
c0103:290960:290993 [1] NCCL INFO comm 0xd7715c0 rank 5 nRanks 8 nNodes 4 localRanks 2 localRank 1 MNNVL 0
c0103:290960:290993 [1] NCCL INFO Trees [0] 2/-1/-1->5->4 [1] -1/-1/-1->5->4
c0103:290960:290993 [1] NCCL INFO P2P Chunksize set to 131072
c0103:290960:290997 [1] NCCL INFO [Proxy Service] Device 1 CPU core 94
c0103:290960:290999 [1] NCCL INFO [Proxy Service UDS] Device 1 CPU core 94
c0103:290960:290993 [1] NCCL INFO threadThresholds 8/8/64 | 64/8/64 | 512 | 512
c0103:290960:290993 [1] NCCL INFO 2 coll channels, 2 collnet channels, 0 nvls channels, 2 p2p channels, 1 p2p channels per peer
c0103:290960:290993 [1] NCCL INFO TUNER/Plugin: Could not find: libnccl-tuner.so. Using internal tuner plugin.
c0103:290960:290993 [1] NCCL INFO ncclCommInitRankConfig comm 0xd7715c0 rank 5 nranks 8 cudaDev 1 nvmlDev 1 busId e1000 commId 0xf2b3f9a9794a171 - Init COMPLETE
c0103:290960:290993 [1] NCCL INFO Init timings - ncclCommInitRankConfig: rank 5 nranks 8 total 0.14 (kernels 0.08, alloc 0.01, bootstrap 0.01, allgathers 0.03, topo 0.00, graphs 0.00, connections 0.00, rest 0.00)
c0103:290960:291013 [1] NCCL INFO Channel 00/0 : 2[0] -> 5[1] [receive] via NET/Socket/1
c0103:290960:291016 [1] NCCL INFO [Proxy Progress] Device 1 CPU core 0
c0103:290960:291013 [1] NCCL INFO Channel 00/0 : 5[1] -> 2[0] [send] via NET/Socket/1
c0103:290960:291013 [1] NCCL INFO Channel 00/0 : 5[1] -> 4[0] via P2P/CUMEM
c0103:290960:291013 [1] NCCL INFO Channel 01/0 : 5[1] -> 4[0] via P2P/CUMEM
c0103:290960:291013 [1] NCCL INFO Connected all trees
[rank5]:[E314 19:45:26.613364503 ProcessGroupNCCL.cpp:1685] [PG ID 0 PG GUID 0(default_pg) Rank 5] Observed flight recorder dump signal from another rank via TCPStore.
[rank5]:[E314 19:45:26.613687696 ProcessGroupNCCL.cpp:1746] [PG ID 0 PG GUID 0(default_pg) Rank 5] Received a dump signal due to a collective timeout from  rank 2 and we will try our best to dump the debug info. Last enqueued NCCL work: 1, last completed NCCL work: -1.This is most likely caused by incorrect usages of collectives, e.g., wrong sizes used across ranks, the order of collectives is not same for all ranks or the scheduled collective, for some reason, didn't run. Additionally, this can be caused by GIL deadlock or other reasons such as network errors or bugs in the communications library (e.g. NCCL), etc. 
[rank5]:[E314 19:45:26.617977101 ProcessGroupNCCL.cpp:1536] [PG ID 0 PG GUID 0(default_pg) Rank 5] ProcessGroupNCCL preparing to dump debug info. Include stack trace: 1
[rank5]:[E314 19:45:26.916267661 ProcessGroupNCCL.cpp:632] [Rank 5] Watchdog caught collective operation timeout: WorkNCCL(SeqNum=1, OpType=ALLREDUCE, NumelIn=1, NumelOut=1, Timeout(ms)=600000) ran for 600077 milliseconds before timing out.
[rank5]:[E314 19:45:26.916659054 ProcessGroupNCCL.cpp:2271] [PG ID 0 PG GUID 0(default_pg) Rank 5]  failure detected by watchdog at work sequence id: 1 PG status: last enqueued work: 1, last completed work: -1
[rank5]:[E314 19:45:26.916685554 ProcessGroupNCCL.cpp:670] Stack trace of the failed collective not found, potentially because FlightRecorder is disabled. You can enable it by setting TORCH_NCCL_TRACE_BUFFER_SIZE to a non-zero value.
[rank4]:[E314 19:45:26.969533770 ProcessGroupNCCL.cpp:632] [Rank 4] Watchdog caught collective operation timeout: WorkNCCL(SeqNum=1, OpType=ALLREDUCE, NumelIn=1, NumelOut=1, Timeout(ms)=600000) ran for 600073 milliseconds before timing out.
[rank4]:[E314 19:45:26.969852003 ProcessGroupNCCL.cpp:2271] [PG ID 0 PG GUID 0(default_pg) Rank 4]  failure detected by watchdog at work sequence id: 1 PG status: last enqueued work: 1, last completed work: -1
[rank4]:[E314 19:45:26.969861463 ProcessGroupNCCL.cpp:670] Stack trace of the failed collective not found, potentially because FlightRecorder is disabled. You can enable it by setting TORCH_NCCL_TRACE_BUFFER_SIZE to a non-zero value.
[rank1]:[E314 19:45:26.051347854 ProcessGroupNCCL.cpp:632] [Rank 1] Watchdog caught collective operation timeout: WorkNCCL(SeqNum=1, OpType=ALLREDUCE, NumelIn=1, NumelOut=1, Timeout(ms)=600000) ran for 600054 milliseconds before timing out.
[rank1]:[E314 19:45:26.051736927 ProcessGroupNCCL.cpp:2271] [PG ID 0 PG GUID 0(default_pg) Rank 1]  failure detected by watchdog at work sequence id: 1 PG status: last enqueued work: 1, last completed work: -1
[rank1]:[E314 19:45:26.051751127 ProcessGroupNCCL.cpp:670] Stack trace of the failed collective not found, potentially because FlightRecorder is disabled. You can enable it by setting TORCH_NCCL_TRACE_BUFFER_SIZE to a non-zero value.
c0102:38711:38749 [0] NCCL INFO misc/socket.cc:881 -> 3
c0102:38711:39037 [0] NCCL INFO misc/socket.cc:64 -> 3
c0102:38711:39037 [0] NCCL INFO misc/socket.cc:80 -> 3
c0102:38711:39037 [0] NCCL INFO misc/socket.cc:829 -> 3
c0102:38711:39037 [0] NCCL INFO misc/socket.cc:64 -> 3
c0102:38711:39037 [0] NCCL INFO misc/socket.cc:80 -> 3
c0102:38711:39037 [0] NCCL INFO misc/socket.cc:829 -> 3
c0102:38711:39037 [0] NCCL INFO comm 0xbf2e680 rank 2 nranks 8 cudaDev 0 busId 21000 - Abort COMPLETE
[rank2]:[E314 19:45:26.034107966 ProcessGroupNCCL.cpp:684] [Rank 2] Some NCCL operations have failed or timed out. Due to the asynchronous nature of CUDA kernels, subsequent GPU operations might run on corrupted/incomplete data.
[rank2]:[E314 19:45:26.034217227 ProcessGroupNCCL.cpp:698] [Rank 2] To avoid data inconsistency, we are taking the entire process down.
Error executing job with overrides: ['data_fp=/users/gbk2114/data/ethos-tokenize/train', 'out_dir=/users/gbk2114/data/ethos-tokenize/models/20260314_193514']
[rank2]:[E314 19:45:26.035147903 ProcessGroupNCCL.cpp:1899] [PG ID 0 PG GUID 0(default_pg) Rank 2] Process group watchdog thread terminated with exception: [Rank 2] Watchdog caught collective operation timeout: WorkNCCL(SeqNum=1, OpType=ALLREDUCE, NumelIn=1, NumelOut=1, Timeout(ms)=600000) ran for 600089 milliseconds before timing out.
Exception raised from checkTimeout at /pytorch/torch/csrc/distributed/c10d/ProcessGroupNCCL.cpp:635 (most recent call first):
frame #0: c10::Error::Error(c10::SourceLocation, std::__cxx11::basic_string<char, std::char_traits<char>, std::allocator<char> >) + 0x98 (0x7f24441525e8 in /groups/mm6677_gp/gbk2114/ethos-ares/.venv/lib/python3.12/site-packages/torch/lib/libc10.so)
frame #1: c10d::ProcessGroupNCCL::WorkNCCL::checkTimeout(std::optional<std::chrono::duration<long, std::ratio<1l, 1000l> > >) + 0x23d (0x7f244546da6d in /groups/mm6677_gp/gbk2114/ethos-ares/.venv/lib/python3.12/site-packages/torch/lib/libtorch_cuda.so)
frame #2: c10d::ProcessGroupNCCL::watchdogHandler() + 0xc80 (0x7f244546f7f0 in /groups/mm6677_gp/gbk2114/ethos-ares/.venv/lib/python3.12/site-packages/torch/lib/libtorch_cuda.so)
frame #3: c10d::ProcessGroupNCCL::ncclCommWatchdog() + 0x14d (0x7f2445470efd in /groups/mm6677_gp/gbk2114/ethos-ares/.venv/lib/python3.12/site-packages/torch/lib/libtorch_cuda.so)
frame #4: <unknown function> + 0xe8743 (0x7f24353f2743 in /opt/ohpc/pub/compiler/gcc/13.2.0/lib64/libstdc++.so.6)
frame #5: <unknown function> + 0x8b2ea (0x7f249b4f52ea in /lib64/libc.so.6)
frame #6: <unknown function> + 0x1103d0 (0x7f249b57a3d0 in /lib64/libc.so.6)

terminate called after throwing an instance of 'c10::DistBackendError'
  what():  [PG ID 0 PG GUID 0(default_pg) Rank 2] Process group watchdog thread terminated with exception: [Rank 2] Watchdog caught collective operation timeout: WorkNCCL(SeqNum=1, OpType=ALLREDUCE, NumelIn=1, NumelOut=1, Timeout(ms)=600000) ran for 600089 milliseconds before timing out.
Exception raised from checkTimeout at /pytorch/torch/csrc/distributed/c10d/ProcessGroupNCCL.cpp:635 (most recent call first):
frame #0: c10::Error::Error(c10::SourceLocation, std::__cxx11::basic_string<char, std::char_traits<char>, std::allocator<char> >) + 0x98 (0x7f24441525e8 in /groups/mm6677_gp/gbk2114/ethos-ares/.venv/lib/python3.12/site-packages/torch/lib/libc10.so)
frame #1: c10d::ProcessGroupNCCL::WorkNCCL::checkTimeout(std::optional<std::chrono::duration<long, std::ratio<1l, 1000l> > >) + 0x23d (0x7f244546da6d in /groups/mm6677_gp/gbk2114/ethos-ares/.venv/lib/python3.12/site-packages/torch/lib/libtorch_cuda.so)
frame #2: c10d::ProcessGroupNCCL::watchdogHandler() + 0xc80 (0x7f244546f7f0 in /groups/mm6677_gp/gbk2114/ethos-ares/.venv/lib/python3.12/site-packages/torch/lib/libtorch_cuda.so)
frame #3: c10d::ProcessGroupNCCL::ncclCommWatchdog() + 0x14d (0x7f2445470efd in /groups/mm6677_gp/gbk2114/ethos-ares/.venv/lib/python3.12/site-packages/torch/lib/libtorch_cuda.so)
frame #4: <unknown function> + 0xe8743 (0x7f24353f2743 in /opt/ohpc/pub/compiler/gcc/13.2.0/lib64/libstdc++.so.6)
frame #5: <unknown function> + 0x8b2ea (0x7f249b4f52ea in /lib64/libc.so.6)
frame #6: <unknown function> + 0x1103d0 (0x7f249b57a3d0 in /lib64/libc.so.6)

Exception raised from ncclCommWatchdog at /pytorch/torch/csrc/distributed/c10d/ProcessGroupNCCL.cpp:1905 (most recent call first):
frame #0: c10::Error::Error(c10::SourceLocation, std::__cxx11::basic_string<char, std::char_traits<char>, std::allocator<char> >) + 0x98 (0x7f24441525e8 in /groups/mm6677_gp/gbk2114/ethos-ares/.venv/lib/python3.12/site-packages/torch/lib/libc10.so)
frame #1: <unknown function> + 0x11b4abe (0x7f244543fabe in /groups/mm6677_gp/gbk2114/ethos-ares/.venv/lib/python3.12/site-packages/torch/lib/libtorch_cuda.so)
frame #2: <unknown function> + 0xe07bed (0x7f2445092bed in /groups/mm6677_gp/gbk2114/ethos-ares/.venv/lib/python3.12/site-packages/torch/lib/libtorch_cuda.so)
frame #3: <unknown function> + 0xe8743 (0x7f24353f2743 in /opt/ohpc/pub/compiler/gcc/13.2.0/lib64/libstdc++.so.6)
frame #4: <unknown function> + 0x8b2ea (0x7f249b4f52ea in /lib64/libc.so.6)
frame #5: <unknown function> + 0x1103d0 (0x7f249b57a3d0 in /lib64/libc.so.6)

c0103:290960:291334 [1] NCCL INFO misc/socket.cc:64 -> 3
c0103:290960:291334 [1] NCCL INFO misc/socket.cc:80 -> 3
c0103:290960:291334 [1] NCCL INFO misc/socket.cc:829 -> 3
c0103:290960:290997 [1] NCCL INFO misc/socket.cc:881 -> 3
c0103:290960:291334 [1] NCCL INFO misc/socket.cc:64 -> 3
c0103:290960:291334 [1] NCCL INFO misc/socket.cc:80 -> 3
c0103:290960:291334 [1] NCCL INFO misc/socket.cc:829 -> 3
c0103:290960:290997 [1] NCCL INFO misc/socket.cc:881 -> 3
c0103:290960:291334 [1] NCCL INFO comm 0xd7715c0 rank 5 nranks 8 cudaDev 1 busId e1000 - Abort COMPLETE
[rank5]:[E314 19:45:26.114533586 ProcessGroupNCCL.cpp:684] [Rank 5] Some NCCL operations have failed or timed out. Due to the asynchronous nature of CUDA kernels, subsequent GPU operations might run on corrupted/incomplete data.
[rank5]:[E314 19:45:26.114641847 ProcessGroupNCCL.cpp:698] [Rank 5] To avoid data inconsistency, we are taking the entire process down.
Error executing job with overrides: ['data_fp=/users/gbk2114/data/ethos-tokenize/train', 'out_dir=/users/gbk2114/data/ethos-tokenize/models/20260314_193514']
[rank5]:[E314 19:45:26.115718605 ProcessGroupNCCL.cpp:1899] [PG ID 0 PG GUID 0(default_pg) Rank 5] Process group watchdog thread terminated with exception: [Rank 5] Watchdog caught collective operation timeout: WorkNCCL(SeqNum=1, OpType=ALLREDUCE, NumelIn=1, NumelOut=1, Timeout(ms)=600000) ran for 600077 milliseconds before timing out.
Exception raised from checkTimeout at /pytorch/torch/csrc/distributed/c10d/ProcessGroupNCCL.cpp:635 (most recent call first):
frame #0: c10::Error::Error(c10::SourceLocation, std::__cxx11::basic_string<char, std::char_traits<char>, std::allocator<char> >) + 0x98 (0x7fe3385255e8 in /groups/mm6677_gp/gbk2114/ethos-ares/.venv/lib/python3.12/site-packages/torch/lib/libc10.so)
frame #1: c10d::ProcessGroupNCCL::WorkNCCL::checkTimeout(std::optional<std::chrono::duration<long, std::ratio<1l, 1000l> > >) + 0x23d (0x7fe339840a6d in /groups/mm6677_gp/gbk2114/ethos-ares/.venv/lib/python3.12/site-packages/torch/lib/libtorch_cuda.so)
frame #2: c10d::ProcessGroupNCCL::watchdogHandler() + 0xc80 (0x7fe3398427f0 in /groups/mm6677_gp/gbk2114/ethos-ares/.venv/lib/python3.12/site-packages/torch/lib/libtorch_cuda.so)
frame #3: c10d::ProcessGroupNCCL::ncclCommWatchdog() + 0x14d (0x7fe339843efd in /groups/mm6677_gp/gbk2114/ethos-ares/.venv/lib/python3.12/site-packages/torch/lib/libtorch_cuda.so)
frame #4: <unknown function> + 0xe8743 (0x7fe3297c5743 in /opt/ohpc/pub/compiler/gcc/13.2.0/lib64/libstdc++.so.6)
frame #5: <unknown function> + 0x8b2ea (0x7fe38f9c82ea in /lib64/libc.so.6)
frame #6: <unknown function> + 0x1103d0 (0x7fe38fa4d3d0 in /lib64/libc.so.6)

terminate called after throwing an instance of 'c10::DistBackendError'
  what():  [PG ID 0 PG GUID 0(default_pg) Rank 5] Process group watchdog thread terminated with exception: [Rank 5] Watchdog caught collective operation timeout: WorkNCCL(SeqNum=1, OpType=ALLREDUCE, NumelIn=1, NumelOut=1, Timeout(ms)=600000) ran for 600077 milliseconds before timing out.
Exception raised from checkTimeout at /pytorch/torch/csrc/distributed/c10d/ProcessGroupNCCL.cpp:635 (most recent call first):
frame #0: c10::Error::Error(c10::SourceLocation, std::__cxx11::basic_string<char, std::char_traits<char>, std::allocator<char> >) + 0x98 (0x7fe3385255e8 in /groups/mm6677_gp/gbk2114/ethos-ares/.venv/lib/python3.12/site-packages/torch/lib/libc10.so)
frame #1: c10d::ProcessGroupNCCL::WorkNCCL::checkTimeout(std::optional<std::chrono::duration<long, std::ratio<1l, 1000l> > >) + 0x23d (0x7fe339840a6d in /groups/mm6677_gp/gbk2114/ethos-ares/.venv/lib/python3.12/site-packages/torch/lib/libtorch_cuda.so)
frame #2: c10d::ProcessGroupNCCL::watchdogHandler() + 0xc80 (0x7fe3398427f0 in /groups/mm6677_gp/gbk2114/ethos-ares/.venv/lib/python3.12/site-packages/torch/lib/libtorch_cuda.so)
frame #3: c10d::ProcessGroupNCCL::ncclCommWatchdog() + 0x14d (0x7fe339843efd in /groups/mm6677_gp/gbk2114/ethos-ares/.venv/lib/python3.12/site-packages/torch/lib/libtorch_cuda.so)
frame #4: <unknown function> + 0xe8743 (0x7fe3297c5743 in /opt/ohpc/pub/compiler/gcc/13.2.0/lib64/libstdc++.so.6)
frame #5: <unknown function> + 0x8b2ea (0x7fe38f9c82ea in /lib64/libc.so.6)
frame #6: <unknown function> + 0x1103d0 (0x7fe38fa4d3d0 in /lib64/libc.so.6)

Exception raised from ncclCommWatchdog at /pytorch/torch/csrc/distributed/c10d/ProcessGroupNCCL.cpp:1905 (most recent call first):
frame #0: c10::Error::Error(c10::SourceLocation, std::__cxx11::basic_string<char, std::char_traits<char>, std::allocator<char> >) + 0x98 (0x7fe3385255e8 in /groups/mm6677_gp/gbk2114/ethos-ares/.venv/lib/python3.12/site-packages/torch/lib/libc10.so)
frame #1: <unknown function> + 0x11b4abe (0x7fe339812abe in /groups/mm6677_gp/gbk2114/ethos-ares/.venv/lib/python3.12/site-packages/torch/lib/libtorch_cuda.so)
frame #2: <unknown function> + 0xe07bed (0x7fe339465bed in /groups/mm6677_gp/gbk2114/ethos-ares/.venv/lib/python3.12/site-packages/torch/lib/libtorch_cuda.so)
frame #3: <unknown function> + 0xe8743 (0x7fe3297c5743 in /opt/ohpc/pub/compiler/gcc/13.2.0/lib64/libstdc++.so.6)
frame #4: <unknown function> + 0x8b2ea (0x7fe38f9c82ea in /lib64/libc.so.6)
frame #5: <unknown function> + 0x1103d0 (0x7fe38fa4d3d0 in /lib64/libc.so.6)

[rank7]:[E314 19:45:26.312442121 ProcessGroupNCCL.cpp:632] [Rank 7] Watchdog caught collective operation timeout: WorkNCCL(SeqNum=1, OpType=ALLREDUCE, NumelIn=1, NumelOut=1, Timeout(ms)=600000) ran for 600050 milliseconds before timing out.
[rank7]:[E314 19:45:26.312909456 ProcessGroupNCCL.cpp:2271] [PG ID 0 PG GUID 0(default_pg) Rank 7]  failure detected by watchdog at work sequence id: 1 PG status: last enqueued work: 1, last completed work: -1
[rank7]:[E314 19:45:26.312936856 ProcessGroupNCCL.cpp:670] Stack trace of the failed collective not found, potentially because FlightRecorder is disabled. You can enable it by setting TORCH_NCCL_TRACE_BUFFER_SIZE to a non-zero value.
W0314 19:45:26.929000 38707 torch/distributed/elastic/multiprocessing/api.py:900] Sending process 38712 closing signal SIGTERM
W0314 19:45:26.998000 290956 torch/distributed/elastic/multiprocessing/api.py:900] Sending process 290959 closing signal SIGTERM
[rank0]:[E314 19:45:27.496054589 ProcessGroupNCCL.cpp:632] [Rank 0] Watchdog caught collective operation timeout: WorkNCCL(SeqNum=1, OpType=ALLREDUCE, NumelIn=1, NumelOut=1, Timeout(ms)=600000) ran for 600074 milliseconds before timing out.
[rank0]:[E314 19:45:27.497229757 ProcessGroupNCCL.cpp:2271] [PG ID 0 PG GUID 0(default_pg) Rank 0]  failure detected by watchdog at work sequence id: 1 PG status: last enqueued work: 1, last completed work: -1
[rank0]:[E314 19:45:27.497289718 ProcessGroupNCCL.cpp:670] Stack trace of the failed collective not found, potentially because FlightRecorder is disabled. You can enable it by setting TORCH_NCCL_TRACE_BUFFER_SIZE to a non-zero value.
c0101:3685:4117 [1] NCCL INFO misc/socket.cc:64 -> 3
c0101:3685:4117 [1] NCCL INFO misc/socket.cc:80 -> 3
c0101:3685:4117 [1] NCCL INFO misc/socket.cc:829 -> 3
c0101:3685:4117 [1] NCCL INFO misc/socket.cc:64 -> 3
c0101:3685:4117 [1] NCCL INFO misc/socket.cc:80 -> 3
c0101:3685:4117 [1] NCCL INFO misc/socket.cc:829 -> 3
c0101:3685:3722 [1] NCCL INFO misc/socket.cc:881 -> 3
c0101:3685:3722 [1] NCCL INFO misc/socket.cc:881 -> 3
c0101:3685:4117 [1] NCCL INFO comm 0xd859630 rank 1 nranks 8 cudaDev 1 busId e1000 - Abort COMPLETE
[rank1]:[E314 19:45:27.550205688 ProcessGroupNCCL.cpp:684] [Rank 1] Some NCCL operations have failed or timed out. Due to the asynchronous nature of CUDA kernels, subsequent GPU operations might run on corrupted/incomplete data.
[rank1]:[E314 19:45:27.550314629 ProcessGroupNCCL.cpp:698] [Rank 1] To avoid data inconsistency, we are taking the entire process down.
Error executing job with overrides: ['data_fp=/users/gbk2114/data/ethos-tokenize/train', 'out_dir=/users/gbk2114/data/ethos-tokenize/models/20260314_193514']
[rank1]:[E314 19:45:27.551254036 ProcessGroupNCCL.cpp:1899] [PG ID 0 PG GUID 0(default_pg) Rank 1] Process group watchdog thread terminated with exception: [Rank 1] Watchdog caught collective operation timeout: WorkNCCL(SeqNum=1, OpType=ALLREDUCE, NumelIn=1, NumelOut=1, Timeout(ms)=600000) ran for 600054 milliseconds before timing out.
Exception raised from checkTimeout at /pytorch/torch/csrc/distributed/c10d/ProcessGroupNCCL.cpp:635 (most recent call first):
frame #0: c10::Error::Error(c10::SourceLocation, std::__cxx11::basic_string<char, std::char_traits<char>, std::allocator<char> >) + 0x98 (0x7f653da365e8 in /groups/mm6677_gp/gbk2114/ethos-ares/.venv/lib/python3.12/site-packages/torch/lib/libc10.so)
frame #1: c10d::ProcessGroupNCCL::WorkNCCL::checkTimeout(std::optional<std::chrono::duration<long, std::ratio<1l, 1000l> > >) + 0x23d (0x7f653ed51a6d in /groups/mm6677_gp/gbk2114/ethos-ares/.venv/lib/python3.12/site-packages/torch/lib/libtorch_cuda.so)
frame #2: c10d::ProcessGroupNCCL::watchdogHandler() + 0xc80 (0x7f653ed537f0 in /groups/mm6677_gp/gbk2114/ethos-ares/.venv/lib/python3.12/site-packages/torch/lib/libtorch_cuda.so)
frame #3: c10d::ProcessGroupNCCL::ncclCommWatchdog() + 0x14d (0x7f653ed54efd in /groups/mm6677_gp/gbk2114/ethos-ares/.venv/lib/python3.12/site-packages/torch/lib/libtorch_cuda.so)
frame #4: <unknown function> + 0xe8743 (0x7f652ecd6743 in /opt/ohpc/pub/compiler/gcc/13.2.0/lib64/libstdc++.so.6)
frame #5: <unknown function> + 0x8b2ea (0x7f6594dd92ea in /lib64/libc.so.6)
frame #6: <unknown function> + 0x1103d0 (0x7f6594e5e3d0 in /lib64/libc.so.6)

terminate called after throwing an instance of 'c10::DistBackendError'
  what():  [PG ID 0 PG GUID 0(default_pg) Rank 1] Process group watchdog thread terminated with exception: [Rank 1] Watchdog caught collective operation timeout: WorkNCCL(SeqNum=1, OpType=ALLREDUCE, NumelIn=1, NumelOut=1, Timeout(ms)=600000) ran for 600054 milliseconds before timing out.
Exception raised from checkTimeout at /pytorch/torch/csrc/distributed/c10d/ProcessGroupNCCL.cpp:635 (most recent call first):
frame #0: c10::Error::Error(c10::SourceLocation, std::__cxx11::basic_string<char, std::char_traits<char>, std::allocator<char> >) + 0x98 (0x7f653da365e8 in /groups/mm6677_gp/gbk2114/ethos-ares/.venv/lib/python3.12/site-packages/torch/lib/libc10.so)
frame #1: c10d::ProcessGroupNCCL::WorkNCCL::checkTimeout(std::optional<std::chrono::duration<long, std::ratio<1l, 1000l> > >) + 0x23d (0x7f653ed51a6d in /groups/mm6677_gp/gbk2114/ethos-ares/.venv/lib/python3.12/site-packages/torch/lib/libtorch_cuda.so)
frame #2: c10d::ProcessGroupNCCL::watchdogHandler() + 0xc80 (0x7f653ed537f0 in /groups/mm6677_gp/gbk2114/ethos-ares/.venv/lib/python3.12/site-packages/torch/lib/libtorch_cuda.so)
frame #3: c10d::ProcessGroupNCCL::ncclCommWatchdog() + 0x14d (0x7f653ed54efd in /groups/mm6677_gp/gbk2114/ethos-ares/.venv/lib/python3.12/site-packages/torch/lib/libtorch_cuda.so)
frame #4: <unknown function> + 0xe8743 (0x7f652ecd6743 in /opt/ohpc/pub/compiler/gcc/13.2.0/lib64/libstdc++.so.6)
frame #5: <unknown function> + 0x8b2ea (0x7f6594dd92ea in /lib64/libc.so.6)
frame #6: <unknown function> + 0x1103d0 (0x7f6594e5e3d0 in /lib64/libc.so.6)

Exception raised from ncclCommWatchdog at /pytorch/torch/csrc/distributed/c10d/ProcessGroupNCCL.cpp:1905 (most recent call first):
frame #0: c10::Error::Error(c10::SourceLocation, std::__cxx11::basic_string<char, std::char_traits<char>, std::allocator<char> >) + 0x98 (0x7f653da365e8 in /groups/mm6677_gp/gbk2114/ethos-ares/.venv/lib/python3.12/site-packages/torch/lib/libc10.so)
frame #1: <unknown function> + 0x11b4abe (0x7f653ed23abe in /groups/mm6677_gp/gbk2114/ethos-ares/.venv/lib/python3.12/site-packages/torch/lib/libtorch_cuda.so)
frame #2: <unknown function> + 0xe07bed (0x7f653e976bed in /groups/mm6677_gp/gbk2114/ethos-ares/.venv/lib/python3.12/site-packages/torch/lib/libtorch_cuda.so)
frame #3: <unknown function> + 0xe8743 (0x7f652ecd6743 in /opt/ohpc/pub/compiler/gcc/13.2.0/lib64/libstdc++.so.6)
frame #4: <unknown function> + 0x8b2ea (0x7f6594dd92ea in /lib64/libc.so.6)
frame #5: <unknown function> + 0x1103d0 (0x7f6594e5e3d0 in /lib64/libc.so.6)


[2026-03-14 19:45:27] c0104:2104090:2104146 [0] misc/socket.cc:71 NCCL WARN socketProgress: Connection closed by remote peer c0103-iband<36880>
c0104:2104090:2104146 [0] NCCL INFO misc/socket.cc:806 -> 6
c0104:2104090:2104146 [0] NCCL INFO transport/net_socket.cc:533 -> 6
c0104:2104090:2104146 [0] NCCL INFO transport/net.cc:1384 -> 6
[rank6]:[E314 19:45:27.475710075 ProcessGroupNCCL.cpp:632] [Rank 6] Watchdog caught collective operation timeout: WorkNCCL(SeqNum=1, OpType=ALLREDUCE, NumelIn=1, NumelOut=1, Timeout(ms)=600000) ran for 600046 milliseconds before timing out.
[rank6]:[E314 19:45:27.476203880 ProcessGroupNCCL.cpp:2271] [PG ID 0 PG GUID 0(default_pg) Rank 6]  failure detected by watchdog at work sequence id: 1 PG status: last enqueued work: 1, last completed work: -1
[rank6]:[E314 19:45:27.476234871 ProcessGroupNCCL.cpp:670] Stack trace of the failed collective not found, potentially because FlightRecorder is disabled. You can enable it by setting TORCH_NCCL_TRACE_BUFFER_SIZE to a non-zero value.
E0314 19:45:27.195000 38707 torch/distributed/elastic/multiprocessing/api.py:874] failed (exitcode: -6) local_rank: 0 (pid: 38711) of binary: ethos_train
Traceback (most recent call last):
  File "/groups/mm6677_gp/gbk2114/ethos-ares/.venv/bin/torchrun", line 10, in <module>
c0104:2104091:2104454 [1] NCCL INFO misc/socket.cc:64 -> 3
c0104:2104091:2104454 [1] NCCL INFO misc/socket.cc:80 -> 3
c0104:2104091:2104454 [1] NCCL INFO misc/socket.cc:829 -> 3
c0104:2104091:2104127 [1] NCCL INFO misc/socket.cc:881 -> 3
c0104:2104091:2104454 [1] NCCL INFO misc/socket.cc:64 -> 3
c0104:2104091:2104454 [1] NCCL INFO misc/socket.cc:80 -> 3
c0104:2104091:2104454 [1] NCCL INFO misc/socket.cc:829 -> 3
c0104:2104091:2104127 [1] NCCL INFO misc/socket.cc:881 -> 3
c0104:2104091:2104454 [1] NCCL INFO comm 0xce41fa0 rank 7 nranks 8 cudaDev 1 busId e1000 - Abort COMPLETE
[rank7]:[E314 19:45:27.581139922 ProcessGroupNCCL.cpp:684] [Rank 7] Some NCCL operations have failed or timed out. Due to the asynchronous nature of CUDA kernels, subsequent GPU operations might run on corrupted/incomplete data.
[rank7]:[E314 19:45:27.581238333 ProcessGroupNCCL.cpp:698] [Rank 7] To avoid data inconsistency, we are taking the entire process down.
    sys.exit(main())
             ^^^^^^
  File "/groups/mm6677_gp/gbk2114/ethos-ares/.venv/lib/python3.12/site-packages/torch/distributed/elastic/multiprocessing/errors/__init__.py", line 355, in wrapper
    return f(*args, **kwargs)
           ^^^^^^^^^^^^^^^^^^
  File "/groups/mm6677_gp/gbk2114/ethos-ares/.venv/lib/python3.12/site-packages/torch/distributed/run.py", line 892, in main
Error executing job with overrides: ['data_fp=/users/gbk2114/data/ethos-tokenize/train', 'out_dir=/users/gbk2114/data/ethos-tokenize/models/20260314_193514']
[rank7]:[E314 19:45:27.582153523 ProcessGroupNCCL.cpp:1899] [PG ID 0 PG GUID 0(default_pg) Rank 7] Process group watchdog thread terminated with exception: [Rank 7] Watchdog caught collective operation timeout: WorkNCCL(SeqNum=1, OpType=ALLREDUCE, NumelIn=1, NumelOut=1, Timeout(ms)=600000) ran for 600050 milliseconds before timing out.
Exception raised from checkTimeout at /pytorch/torch/csrc/distributed/c10d/ProcessGroupNCCL.cpp:635 (most recent call first):
frame #0: c10::Error::Error(c10::SourceLocation, std::__cxx11::basic_string<char, std::char_traits<char>, std::allocator<char> >) + 0x98 (0x7f9505ec65e8 in /groups/mm6677_gp/gbk2114/ethos-ares/.venv/lib/python3.12/site-packages/torch/lib/libc10.so)
frame #1: c10d::ProcessGroupNCCL::WorkNCCL::checkTimeout(std::optional<std::chrono::duration<long, std::ratio<1l, 1000l> > >) + 0x23d (0x7f95071e1a6d in /groups/mm6677_gp/gbk2114/ethos-ares/.venv/lib/python3.12/site-packages/torch/lib/libtorch_cuda.so)
frame #2: c10d::ProcessGroupNCCL::watchdogHandler() + 0xc80 (0x7f95071e37f0 in /groups/mm6677_gp/gbk2114/ethos-ares/.venv/lib/python3.12/site-packages/torch/lib/libtorch_cuda.so)
frame #3: c10d::ProcessGroupNCCL::ncclCommWatchdog() + 0x14d (0x7f95071e4efd in /groups/mm6677_gp/gbk2114/ethos-ares/.venv/lib/python3.12/site-packages/torch/lib/libtorch_cuda.so)
frame #4: <unknown function> + 0xe8743 (0x7f94f7166743 in /opt/ohpc/pub/compiler/gcc/13.2.0/lib64/libstdc++.so.6)
frame #5: <unknown function> + 0x8b2ea (0x7f955d2692ea in /lib64/libc.so.6)
frame #6: <unknown function> + 0x1103d0 (0x7f955d2ee3d0 in /lib64/libc.so.6)

terminate called after throwing an instance of 'c10::DistBackendError'
    run(args)
  File "/groups/mm6677_gp/gbk2114/ethos-ares/.venv/lib/python3.12/site-packages/torch/distributed/run.py", line 883, in run
    elastic_launch(
  File "/groups/mm6677_gp/gbk2114/ethos-ares/.venv/lib/python3.12/site-packages/torch/distributed/launcher/api.py", line 139, in __call__
    return launch_agent(self._config, self._entrypoint, list(args))
           ^^^^^^^^^^^^^^^^^^^^^^^^^^^^^^^^^^^^^^^^^^^^^^^^^^^^^^^^
  File "/groups/mm6677_gp/gbk2114/ethos-ares/.venv/lib/python3.12/site-packages/torch/distributed/launcher/api.py", line 270, in launch_agent
    raise ChildFailedError(
torch.distributed.elastic.multiprocessing.errors.ChildFailedError: 
======================================================
ethos_train FAILED
------------------------------------------------------
Failures:
  <NO_OTHER_FAILURES>
------------------------------------------------------
Root Cause (first observed failure):
[0]:
  time      : 2026-03-14_19:45:26
  host      : c0102
  rank      : 2 (local_rank: 0)
  exitcode  : -6 (pid: 38711)
  error_file: <N/A>
  traceback : Signal 6 (SIGABRT) received by PID 38711
======================================================
  what():  [PG ID 0 PG GUID 0(default_pg) Rank 7] Process group watchdog thread terminated with exception: [Rank 7] Watchdog caught collective operation timeout: WorkNCCL(SeqNum=1, OpType=ALLREDUCE, NumelIn=1, NumelOut=1, Timeout(ms)=600000) ran for 600050 milliseconds before timing out.
Exception raised from checkTimeout at /pytorch/torch/csrc/distributed/c10d/ProcessGroupNCCL.cpp:635 (most recent call first):
frame #0: c10::Error::Error(c10::SourceLocation, std::__cxx11::basic_string<char, std::char_traits<char>, std::allocator<char> >) + 0x98 (0x7f9505ec65e8 in /groups/mm6677_gp/gbk2114/ethos-ares/.venv/lib/python3.12/site-packages/torch/lib/libc10.so)
frame #1: c10d::ProcessGroupNCCL::WorkNCCL::checkTimeout(std::optional<std::chrono::duration<long, std::ratio<1l, 1000l> > >) + 0x23d (0x7f95071e1a6d in /groups/mm6677_gp/gbk2114/ethos-ares/.venv/lib/python3.12/site-packages/torch/lib/libtorch_cuda.so)
frame #2: c10d::ProcessGroupNCCL::watchdogHandler() + 0xc80 (0x7f95071e37f0 in /groups/mm6677_gp/gbk2114/ethos-ares/.venv/lib/python3.12/site-packages/torch/lib/libtorch_cuda.so)
frame #3: c10d::ProcessGroupNCCL::ncclCommWatchdog() + 0x14d (0x7f95071e4efd in /groups/mm6677_gp/gbk2114/ethos-ares/.venv/lib/python3.12/site-packages/torch/lib/libtorch_cuda.so)
frame #4: <unknown function> + 0xe8743 (0x7f94f7166743 in /opt/ohpc/pub/compiler/gcc/13.2.0/lib64/libstdc++.so.6)
frame #5: <unknown function> + 0x8b2ea (0x7f955d2692ea in /lib64/libc.so.6)
frame #6: <unknown function> + 0x1103d0 (0x7f955d2ee3d0 in /lib64/libc.so.6)

Exception raised from ncclCommWatchdog at /pytorch/torch/csrc/distributed/c10d/ProcessGroupNCCL.cpp:1905 (most recent call first):
frame #0: c10::Error::Error(c10::SourceLocation, std::__cxx11::basic_string<char, std::char_traits<char>, std::allocator<char> >) + 0x98 (0x7f9505ec65e8 in /groups/mm6677_gp/gbk2114/ethos-ares/.venv/lib/python3.12/site-packages/torch/lib/libc10.so)
frame #1: <unknown function> + 0x11b4abe (0x7f95071b3abe in /groups/mm6677_gp/gbk2114/ethos-ares/.venv/lib/python3.12/site-packages/torch/lib/libtorch_cuda.so)
frame #2: <unknown function> + 0xe07bed (0x7f9506e06bed in /groups/mm6677_gp/gbk2114/ethos-ares/.venv/lib/python3.12/site-packages/torch/lib/libtorch_cuda.so)
frame #3: <unknown function> + 0xe8743 (0x7f94f7166743 in /opt/ohpc/pub/compiler/gcc/13.2.0/lib64/libstdc++.so.6)
frame #4: <unknown function> + 0x8b2ea (0x7f955d2692ea in /lib64/libc.so.6)
frame #5: <unknown function> + 0x1103d0 (0x7f955d2ee3d0 in /lib64/libc.so.6)

E0314 19:45:27.264000 290956 torch/distributed/elastic/multiprocessing/api.py:874] failed (exitcode: -6) local_rank: 1 (pid: 290960) of binary: ethos_train
Traceback (most recent call last):
  File "/groups/mm6677_gp/gbk2114/ethos-ares/.venv/bin/torchrun", line 10, in <module>
    sys.exit(main())
             ^^^^^^
  File "/groups/mm6677_gp/gbk2114/ethos-ares/.venv/lib/python3.12/site-packages/torch/distributed/elastic/multiprocessing/errors/__init__.py", line 355, in wrapper
    return f(*args, **kwargs)
           ^^^^^^^^^^^^^^^^^^
  File "/groups/mm6677_gp/gbk2114/ethos-ares/.venv/lib/python3.12/site-packages/torch/distributed/run.py", line 892, in main
    run(args)
  File "/groups/mm6677_gp/gbk2114/ethos-ares/.venv/lib/python3.12/site-packages/torch/distributed/run.py", line 883, in run
    elastic_launch(
  File "/groups/mm6677_gp/gbk2114/ethos-ares/.venv/lib/python3.12/site-packages/torch/distributed/launcher/api.py", line 139, in __call__
    return launch_agent(self._config, self._entrypoint, list(args))
           ^^^^^^^^^^^^^^^^^^^^^^^^^^^^^^^^^^^^^^^^^^^^^^^^^^^^^^^^
  File "/groups/mm6677_gp/gbk2114/ethos-ares/.venv/lib/python3.12/site-packages/torch/distributed/launcher/api.py", line 270, in launch_agent
    raise ChildFailedError(
torch.distributed.elastic.multiprocessing.errors.ChildFailedError: 
=======================================================
ethos_train FAILED
-------------------------------------------------------
Failures:
  <NO_OTHER_FAILURES>
-------------------------------------------------------
Root Cause (first observed failure):
[0]:
  time      : 2026-03-14_19:45:26
  host      : c0103
  rank      : 5 (local_rank: 1)
  exitcode  : -6 (pid: 290960)
  error_file: <N/A>
  traceback : Signal 6 (SIGABRT) received by PID 290960
=======================================================
W0314 19:45:27.408000 3675 torch/distributed/elastic/multiprocessing/api.py:900] Sending process 3684 closing signal SIGTERM
W0314 19:45:27.528000 2104086 torch/distributed/elastic/multiprocessing/api.py:900] Sending process 2104090 closing signal SIGTERM
srun: error: c0103: task 2: Exited with exit code 1
E0314 19:45:27.674000 3675 torch/distributed/elastic/multiprocessing/api.py:874] failed (exitcode: -6) local_rank: 1 (pid: 3685) of binary: ethos_train
Traceback (most recent call last):
  File "/groups/mm6677_gp/gbk2114/ethos-ares/.venv/bin/torchrun", line 10, in <module>
    sys.exit(main())
             ^^^^^^
  File "/groups/mm6677_gp/gbk2114/ethos-ares/.venv/lib/python3.12/site-packages/torch/distributed/elastic/multiprocessing/errors/__init__.py", line 355, in wrapper
    return f(*args, **kwargs)
           ^^^^^^^^^^^^^^^^^^
  File "/groups/mm6677_gp/gbk2114/ethos-ares/.venv/lib/python3.12/site-packages/torch/distributed/run.py", line 892, in main
    run(args)
  File "/groups/mm6677_gp/gbk2114/ethos-ares/.venv/lib/python3.12/site-packages/torch/distributed/run.py", line 883, in run
    elastic_launch(
  File "/groups/mm6677_gp/gbk2114/ethos-ares/.venv/lib/python3.12/site-packages/torch/distributed/launcher/api.py", line 139, in __call__
    return launch_agent(self._config, self._entrypoint, list(args))
           ^^^^^^^^^^^^^^^^^^^^^^^^^^^^^^^^^^^^^^^^^^^^^^^^^^^^^^^^
  File "/groups/mm6677_gp/gbk2114/ethos-ares/.venv/lib/python3.12/site-packages/torch/distributed/launcher/api.py", line 270, in launch_agent
    raise ChildFailedError(
torch.distributed.elastic.multiprocessing.errors.ChildFailedError: 
=====================================================
ethos_train FAILED
-----------------------------------------------------
Failures:
  <NO_OTHER_FAILURES>
-----------------------------------------------------
Root Cause (first observed failure):
[0]:
  time      : 2026-03-14_19:45:27
  host      : c0101
  rank      : 1 (local_rank: 1)
  exitcode  : -6 (pid: 3685)
  error_file: <N/A>
  traceback : Signal 6 (SIGABRT) received by PID 3685
=====================================================
srun: error: c0102: task 1: Exited with exit code 1
E0314 19:45:27.794000 2104086 torch/distributed/elastic/multiprocessing/api.py:874] failed (exitcode: -6) local_rank: 1 (pid: 2104091) of binary: ethos_train
Traceback (most recent call last):
  File "/groups/mm6677_gp/gbk2114/ethos-ares/.venv/bin/torchrun", line 10, in <module>
    sys.exit(main())
             ^^^^^^
  File "/groups/mm6677_gp/gbk2114/ethos-ares/.venv/lib/python3.12/site-packages/torch/distributed/elastic/multiprocessing/errors/__init__.py", line 355, in wrapper
    return f(*args, **kwargs)
           ^^^^^^^^^^^^^^^^^^
  File "/groups/mm6677_gp/gbk2114/ethos-ares/.venv/lib/python3.12/site-packages/torch/distributed/run.py", line 892, in main
    run(args)
  File "/groups/mm6677_gp/gbk2114/ethos-ares/.venv/lib/python3.12/site-packages/torch/distributed/run.py", line 883, in run
    elastic_launch(
  File "/groups/mm6677_gp/gbk2114/ethos-ares/.venv/lib/python3.12/site-packages/torch/distributed/launcher/api.py", line 139, in __call__
    return launch_agent(self._config, self._entrypoint, list(args))
           ^^^^^^^^^^^^^^^^^^^^^^^^^^^^^^^^^^^^^^^^^^^^^^^^^^^^^^^^
  File "/groups/mm6677_gp/gbk2114/ethos-ares/.venv/lib/python3.12/site-packages/torch/distributed/launcher/api.py", line 270, in launch_agent
    raise ChildFailedError(
torch.distributed.elastic.multiprocessing.errors.ChildFailedError: 
========================================================
ethos_train FAILED
--------------------------------------------------------
Failures:
  <NO_OTHER_FAILURES>
--------------------------------------------------------
Root Cause (first observed failure):
[0]:
  time      : 2026-03-14_19:45:27
  host      : c0104
  rank      : 7 (local_rank: 1)
  exitcode  : -6 (pid: 2104091)
  error_file: <N/A>
  traceback : Signal 6 (SIGABRT) received by PID 2104091
========================================================
srun: error: c0101: task 0: Exited with exit code 1
srun: error: c0104: task 3: Exited with exit code 1
